nohup: ignoring input

===== 2005-2020 30m rr1.5 | label=combo | removed days 71.1%
share of trades removed: 49.5% (total=1215)
-- round-trip cost 0.00 USD/oz
all trades           n= 1215 PF=1.039 avgR=+0.0231 netR=+28.0
kept                 n=  613 PF=2.163 avgR=+0.4714 netR=+289.0
removed              n=  602 PF=0.436 avgR=-0.4335 netR=-261.0
random removal: avgR mean +0.0239 p95 +0.0756 | share of random >= oracle: 0.000
-- round-trip cost 0.30 USD/oz
all trades           n= 1215 PF=0.953 avgR=-0.0288 netR=-35.0
kept                 n=  613 PF=1.990 avgR=+0.4207 netR=+257.9
removed              n=  602 PF=0.398 avgR=-0.4866 netR=-292.9
random removal: avgR mean -0.0283 p95 +0.0300 | share of random >= oracle: 0.000

===== 2021-2026 30m rr1.5 | label=combo | removed days 65.3%
share of trades removed: 42.0% (total=405)
-- round-trip cost 0.00 USD/oz
all trades           n=  405 PF=1.062 avgR=+0.0360 netR=+14.6
kept                 n=  235 PF=2.181 avgR=+0.4750 netR=+111.6
removed              n=  170 PF=0.310 avgR=-0.5709 netR=-97.0
random removal: avgR mean +0.0358 p95 +0.1332 | share of random >= oracle: 0.000
-- round-trip cost 0.30 USD/oz
all trades           n=  405 PF=1.020 avgR=+0.0119 netR=+4.8
kept                 n=  235 PF=2.102 avgR=+0.4528 netR=+106.4
removed              n=  170 PF=0.296 avgR=-0.5976 netR=-101.6
random removal: avgR mean +0.0119 p95 +0.1026 | share of random >= oracle: 0.000

===== 2005-2020 15m rr1.5 | label=combo | removed days 71.1%
share of trades removed: 53.6% (total=2285)
-- round-trip cost 0.00 USD/oz
all trades           n= 2285 PF=1.031 avgR=+0.0183 netR=+41.7
kept                 n= 1060 PF=2.289 avgR=+0.5084 netR=+538.9
removed              n= 1225 PF=0.466 avgR=-0.4058 netR=-497.2
random removal: avgR mean +0.0198 p95 +0.0686 | share of random >= oracle: 0.000
-- round-trip cost 0.30 USD/oz
all trades           n= 2285 PF=0.918 avgR=-0.0518 netR=-118.3
kept                 n= 1060 PF=2.045 avgR=+0.4408 netR=+467.2
removed              n= 1225 PF=0.413 avgR=-0.4779 netR=-585.5
random removal: avgR mean -0.0523 p95 -0.0065 | share of random >= oracle: 0.000

===== 2021-2026 15m rr1.5 | label=combo | removed days 65.3%
share of trades removed: 52.8% (total=756)
-- round-trip cost 0.00 USD/oz
all trades           n=  756 PF=1.114 avgR=+0.0647 netR=+48.9
kept                 n=  357 PF=2.547 avgR=+0.5659 netR=+202.0
removed              n=  399 PF=0.488 avgR=-0.3836 netR=-153.1
random removal: avgR mean +0.0660 p95 +0.1542 | share of random >= oracle: 0.000
-- round-trip cost 0.30 USD/oz
all trades           n=  756 PF=1.047 avgR=+0.0275 netR=+20.8
kept                 n=  357 PF=2.400 avgR=+0.5314 netR=+189.7
removed              n=  399 PF=0.457 avgR=-0.4233 netR=-168.9
random removal: avgR mean +0.0249 p95 +0.1060 | share of random >= oracle: 0.000

===== 2005-2020 1h rr1.5 | label=combo | removed days 71.1%
share of trades removed: 39.9% (total=606)
-- round-trip cost 0.00 USD/oz
all trades           n=  606 PF=1.014 avgR=+0.0079 netR=+4.8
kept                 n=  364 PF=1.693 avgR=+0.3188 netR=+116.0
removed              n=  242 PF=0.408 avgR=-0.4596 netR=-111.2
random removal: avgR mean +0.0076 p95 +0.0692 | share of random >= oracle: 0.000
-- round-trip cost 0.30 USD/oz
all trades           n=  606 PF=0.959 avgR=-0.0246 netR=-14.9
kept                 n=  364 PF=1.609 avgR=+0.2887 netR=+105.1
removed              n=  242 PF=0.383 avgR=-0.4958 netR=-120.0
random removal: avgR mean -0.0240 p95 +0.0434 | share of random >= oracle: 0.000

===== 2021-2026 1h rr1.5 | label=combo | removed days 65.3%
share of trades removed: 37.6% (total=189)
-- round-trip cost 0.00 USD/oz
all trades           n=  189 PF=1.090 avgR=+0.0509 netR=+9.6
kept                 n=  118 PF=1.742 avgR=+0.3328 netR=+39.3
removed              n=   71 PF=0.447 avgR=-0.4178 netR=-29.7
random removal: avgR mean +0.0530 p95 +0.1553 | share of random >= oracle: 0.000
-- round-trip cost 0.30 USD/oz
all trades           n=  189 PF=1.062 avgR=+0.0353 netR=+6.7
kept                 n=  118 PF=1.702 avgR=+0.3190 netR=+37.6
removed              n=   71 PF=0.434 avgR=-0.4362 netR=-31.0
random removal: avgR mean +0.0374 p95 +0.1511 | share of random >= oracle: 0.000

===== 2005-2020 4h rr1.5 | label=combo | removed days 71.1%
share of trades removed: 19.3% (total=192)
-- round-trip cost 0.00 USD/oz
all trades           n=  192 PF=1.032 avgR=+0.0180 netR=+3.5
kept                 n=  155 PF=1.126 avgR=+0.0678 netR=+10.5
removed              n=   37 PF=0.701 avgR=-0.1903 netR=-7.0
random removal: avgR mean +0.0195 p95 +0.0878 | share of random >= oracle: 0.100
-- round-trip cost 0.30 USD/oz
all trades           n=  192 PF=1.004 avgR=+0.0020 netR=+0.4
kept                 n=  155 PF=1.096 avgR=+0.0525 netR=+8.1
removed              n=   37 PF=0.677 avgR=-0.2097 netR=-7.8
random removal: avgR mean +0.0042 p95 +0.0703 | share of random >= oracle: 0.120

===== 2021-2026 4h rr1.5 | label=combo | removed days 65.3%
share of trades removed: 18.2% (total=77)
-- round-trip cost 0.00 USD/oz
all trades           n=   77 PF=1.136 avgR=+0.0368 netR=+2.8
kept                 n=   63 PF=1.764 avgR=+0.1586 netR=+10.0
removed              n=   14 PF=0.067 avgR=-0.5115 netR=-7.2
random removal: avgR mean +0.0360 p95 +0.0977 | share of random >= oracle: 0.002
-- round-trip cost 0.30 USD/oz
all trades           n=   77 PF=1.108 avgR=+0.0296 netR=+2.3
kept                 n=   63 PF=1.719 avgR=+0.1517 netR=+9.6
removed              n=   14 PF=0.062 avgR=-0.5199 netR=-7.3
random removal: avgR mean +0.0305 p95 +0.0896 | share of random >= oracle: 0.000
