nohup: ignoring input

===== 2005-2020 rr1.0 | choppy = bottom 33% of days by |C-O|/(H-L) (threshold 0.305)
share of trades entered on choppy days: 33.4%
-- round-trip cost 0.00 USD/oz
all trades           n= 2638 PF=1.012 avgR=+0.0061 netR=+16.0
kept (non-choppy)    n= 1758 PF=1.192 avgR=+0.0871 netR=+153.2
removed (choppy)     n=  880 PF=0.730 avgR=-0.1559 netR=-137.2
random removal of same # of days: avgR mean +0.0059 p95 +0.0289 | share of random >= oracle: 0.000
-- round-trip cost 0.30 USD/oz
all trades           n= 2638 PF=0.879 avgR=-0.0642 netR=-169.2
kept (non-choppy)    n= 1758 PF=1.036 avgR=+0.0176 netR=+30.9
removed (choppy)     n=  880 PF=0.632 avgR=-0.2274 netR=-200.1
random removal of same # of days: avgR mean -0.0646 p95 -0.0419 | share of random >= oracle: 0.000
kept trades: years with positive netR 9 of 16

===== 2005-2020 rr1.5 | choppy = bottom 33% of days by |C-O|/(H-L) (threshold 0.305)
share of trades entered on choppy days: 33.3%
-- round-trip cost 0.00 USD/oz
all trades           n= 2285 PF=1.031 avgR=+0.0183 netR=+41.7
kept (non-choppy)    n= 1524 PF=1.253 avgR=+0.1374 netR=+209.4
removed (choppy)     n=  761 PF=0.679 avgR=-0.2203 netR=-167.7
random removal of same # of days: avgR mean +0.0170 p95 +0.0473 | share of random >= oracle: 0.000
-- round-trip cost 0.30 USD/oz
all trades           n= 2285 PF=0.918 avgR=-0.0518 netR=-118.3
kept (non-choppy)    n= 1524 PF=1.117 avgR=+0.0679 netR=+103.5
removed (choppy)     n=  761 PF=0.603 avgR=-0.2914 netR=-221.7
random removal of same # of days: avgR mean -0.0517 p95 -0.0198 | share of random >= oracle: 0.000
kept trades: years with positive netR 11 of 16

===== 2021-2026 rr1.0 | choppy = bottom 33% of days by |C-O|/(H-L) (threshold 0.308)
share of trades entered on choppy days: 33.4%
-- round-trip cost 0.00 USD/oz
all trades           n=  870 PF=1.003 avgR=+0.0015 netR=+1.3
kept (non-choppy)    n=  579 PF=1.203 avgR=+0.0916 netR=+53.0
removed (choppy)     n=  291 PF=0.697 avgR=-0.1778 netR=-51.7
random removal of same # of days: avgR mean +0.0023 p95 +0.0426 | share of random >= oracle: 0.000
-- round-trip cost 0.30 USD/oz
all trades           n=  870 PF=0.933 avgR=-0.0345 netR=-30.0
kept (non-choppy)    n=  579 PF=1.120 avgR=+0.0562 netR=+32.5
removed (choppy)     n=  291 PF=0.647 avgR=-0.2150 netR=-62.6
random removal of same # of days: avgR mean -0.0328 p95 +0.0064 | share of random >= oracle: 0.000
kept trades: years with positive netR 5 of 6

===== 2021-2026 rr1.5 | choppy = bottom 33% of days by |C-O|/(H-L) (threshold 0.308)
share of trades entered on choppy days: 33.9%
-- round-trip cost 0.00 USD/oz
all trades           n=  756 PF=1.114 avgR=+0.0647 netR=+48.9
kept (non-choppy)    n=  500 PF=1.388 avgR=+0.1994 netR=+99.7
removed (choppy)     n=  256 PF=0.706 avgR=-0.1984 netR=-50.8
random removal of same # of days: avgR mean +0.0634 p95 +0.1156 | share of random >= oracle: 0.000
-- round-trip cost 0.30 USD/oz
all trades           n=  756 PF=1.047 avgR=+0.0275 netR=+20.8
kept (non-choppy)    n=  500 PF=1.303 avgR=+0.1622 netR=+81.1
removed (choppy)     n=  256 PF=0.663 avgR=-0.2355 netR=-60.3
random removal of same # of days: avgR mean +0.0292 p95 +0.0891 | share of random >= oracle: 0.000
kept trades: years with positive netR 4 of 6

===== 2005-2020 30m rr1.5 | choppy = bottom 33% of days by |C-O|/(H-L) (threshold 0.305)
share of trades entered on choppy days: 34.7%
-- round-trip cost 0.00 USD/oz
all trades           n= 1215 PF=1.039 avgR=+0.0231 netR=+28.0
kept (non-choppy)    n=  794 PF=1.358 avgR=+0.1864 netR=+148.0
removed (choppy)     n=  421 PF=0.597 avgR=-0.2849 netR=-120.0
random removal of same # of days: avgR mean +0.0238 p95 +0.0666 | share of random >= oracle: 0.000
-- round-trip cost 0.30 USD/oz
all trades           n= 1215 PF=0.953 avgR=-0.0288 netR=-35.0
kept (non-choppy)    n=  794 PF=1.246 avgR=+0.1347 netR=+107.0
removed (choppy)     n=  421 PF=0.546 avgR=-0.3373 netR=-142.0
random removal of same # of days: avgR mean -0.0286 p95 +0.0150 | share of random >= oracle: 0.000
kept trades: years with positive netR 14 of 16

===== 2005-2020 1h rr1.5 | choppy = bottom 33% of days by |C-O|/(H-L) (threshold 0.305)
share of trades entered on choppy days: 30.5%
-- round-trip cost 0.00 USD/oz
all trades           n=  606 PF=1.014 avgR=+0.0079 netR=+4.8
kept (non-choppy)    n=  421 PF=1.312 avgR=+0.1634 netR=+68.8
removed (choppy)     n=  185 PF=0.524 avgR=-0.3458 netR=-64.0
random removal of same # of days: avgR mean +0.0080 p95 +0.0630 | share of random >= oracle: 0.000
-- round-trip cost 0.30 USD/oz
all trades           n=  606 PF=0.959 avgR=-0.0246 netR=-14.9
kept (non-choppy)    n=  421 PF=1.245 avgR=+0.1327 netR=+55.8
removed (choppy)     n=  185 PF=0.493 avgR=-0.3824 netR=-70.7
random removal of same # of days: avgR mean -0.0261 p95 +0.0260 | share of random >= oracle: 0.000
kept trades: years with positive netR 11 of 16

===== 2005-2020 4h rr1.5 | choppy = bottom 33% of days by |C-O|/(H-L) (threshold 0.305)
share of trades entered on choppy days: 14.1%
-- round-trip cost 0.00 USD/oz
all trades           n=  192 PF=1.032 avgR=+0.0180 netR=+3.5
kept (non-choppy)    n=  165 PF=1.088 avgR=+0.0485 netR=+8.0
removed (choppy)     n=   27 PF=0.726 avgR=-0.1681 netR=-4.5
random removal of same # of days: avgR mean +0.0205 p95 +0.0748 | share of random >= oracle: 0.190
-- round-trip cost 0.30 USD/oz
all trades           n=  192 PF=1.004 avgR=+0.0020 netR=+0.4
kept (non-choppy)    n=  165 PF=1.060 avgR=+0.0333 netR=+5.5
removed (choppy)     n=   27 PF=0.698 avgR=-0.1895 netR=-5.1
random removal of same # of days: avgR mean +0.0029 p95 +0.0608 | share of random >= oracle: 0.214
kept trades: years with positive netR 9 of 16

===== 2021-2026 30m rr1.5 | choppy = bottom 33% of days by |C-O|/(H-L) (threshold 0.308)
share of trades entered on choppy days: 30.4%
-- round-trip cost 0.00 USD/oz
all trades           n=  405 PF=1.062 avgR=+0.0360 netR=+14.6
kept (non-choppy)    n=  282 PF=1.478 avgR=+0.2380 netR=+67.1
removed (choppy)     n=  123 PF=0.444 avgR=-0.4272 netR=-52.5
random removal of same # of days: avgR mean +0.0367 p95 +0.1016 | share of random >= oracle: 0.000
-- round-trip cost 0.30 USD/oz
all trades           n=  405 PF=1.020 avgR=+0.0119 netR=+4.8
kept (non-choppy)    n=  282 PF=1.420 avgR=+0.2146 netR=+60.5
removed (choppy)     n=  123 PF=0.426 avgR=-0.4529 netR=-55.7
random removal of same # of days: avgR mean +0.0143 p95 +0.0806 | share of random >= oracle: 0.000
kept trades: years with positive netR 5 of 6

===== 2021-2026 1h rr1.5 | choppy = bottom 33% of days by |C-O|/(H-L) (threshold 0.308)
share of trades entered on choppy days: 31.2%
-- round-trip cost 0.00 USD/oz
all trades           n=  189 PF=1.090 avgR=+0.0509 netR=+9.6
kept (non-choppy)    n=  130 PF=1.420 avgR=+0.2098 netR=+27.3
removed (choppy)     n=   59 PF=0.576 avgR=-0.2994 netR=-17.7
random removal of same # of days: avgR mean +0.0513 p95 +0.1457 | share of random >= oracle: 0.004
-- round-trip cost 0.30 USD/oz
all trades           n=  189 PF=1.062 avgR=+0.0353 netR=+6.7
kept (non-choppy)    n=  130 PF=1.386 avgR=+0.1956 netR=+25.4
removed (choppy)     n=   59 PF=0.558 avgR=-0.3179 netR=-18.8
random removal of same # of days: avgR mean +0.0284 p95 +0.1230 | share of random >= oracle: 0.004
kept trades: years with positive netR 4 of 6

===== 2021-2026 4h rr1.5 | choppy = bottom 33% of days by |C-O|/(H-L) (threshold 0.308)
share of trades entered on choppy days: 13.0%
-- round-trip cost 0.00 USD/oz
all trades           n=   77 PF=1.136 avgR=+0.0368 netR=+2.8
kept (non-choppy)    n=   67 PF=1.381 avgR=+0.0951 netR=+6.4
removed (choppy)     n=   10 PF=0.128 avgR=-0.3538 netR=-3.5
random removal of same # of days: avgR mean +0.0372 p95 +0.0855 | share of random >= oracle: 0.036
-- round-trip cost 0.30 USD/oz
all trades           n=   77 PF=1.108 avgR=+0.0296 netR=+2.3
kept (non-choppy)    n=   67 PF=1.348 avgR=+0.0880 netR=+5.9
removed (choppy)     n=   10 PF=0.118 avgR=-0.3618 netR=-3.6
random removal of same # of days: avgR mean +0.0315 p95 +0.0791 | share of random >= oracle: 0.026
kept trades: years with positive netR 4 of 6
